// Jest Snapshot v1, https://goo.gl/fbAQLP

exports[`Badge renders correctly 1`] = `
<div
  className="sc-bdVaJa jKopLr"
>
  <div
    className="sc-htoDjs gDCMNh sc-gzVnrw jIyoHV sc-bZQynM hnmAWT sc-ifAKCX fWjQQu sc-bwzfXH eMpePF"
  >
    badge
  </div>
</div>
`;
