// Jest Snapshot v1, https://goo.gl/fbAQLP

exports[`Box renders correctly 1`] = `
<div
  className="sc-bdVaJa jKopLr"
>
  <div
    className="sc-gqjmRU bCjhLA sc-iwsKbI khHCQa sc-bwzfXH ihgQcP"
  >
    A box
  </div>
</div>
`;
