// Jest Snapshot v1, https://goo.gl/fbAQLP

exports[`Button renders correctly 1`] = `
<div
  className="sc-bdVaJa jKopLr"
>
  <button
    className="sc-bZQynM bycwzs sc-bxivhb ierOrI"
  >
    Click me
  </button>
</div>
`;
