// Jest Snapshot v1, https://goo.gl/fbAQLP

exports[`Divider renders correctly 1`] = `
<div
  className="sc-bdVaJa jKopLr"
>
  <hr
    className="sc-htpNat fGEkbD sc-bwzfXH jVZHfQ"
  />
</div>
`;
