// Jest Snapshot v1, https://goo.gl/fbAQLP

exports[`Heading renders correctly 1`] = `
<div
  className="sc-bdVaJa jKopLr"
>
  <h3
    className="sc-jTzLTM bUWCnN sc-VigVT eptWOS"
    fontSize={4}
  >
    Heading
  </h3>
</div>
`;
