// Jest Snapshot v1, https://goo.gl/fbAQLP

exports[`Link renders correctly 1`] = `
<div
  className="sc-bdVaJa jKopLr"
>
  <a
    className="sc-htoDjs gDCMNh sc-dnqmqq hHeMlD"
    color="primary.main"
    rel={undefined}
    target={undefined}
  >
    Link
  </a>
</div>
`;
