// Jest Snapshot v1, https://goo.gl/fbAQLP

exports[`ProgressBar renders correctly 1`] = `
<div
  className="sc-bdVaJa jKopLr"
>
  <div
    className="sc-EHOje brTwkL sc-ifAKCX jITXeW"
    type={undefined}
  >
    <div
      className="sc-htpNat hQGAmg"
    >
      50
      %
    </div>
    <div
      className="sc-bwzfXH CuiLQ"
      style={
        Object {
          "width": "50%",
        }
      }
    >
      <div
        className="sc-bxivhb hkKilu"
        style={
          Object {
            "width": "200%",
          }
        }
      >
        50
        %
      </div>
    </div>
  </div>
</div>
`;
