// Jest Snapshot v1, https://goo.gl/fbAQLP

exports[`Terminal renders correctly 1`] = `
<div
  className="sc-bdVaJa jKopLr"
>
  <div
    className="sc-VigVT dPbUyP sc-gqjmRU bCjhLA sc-iwsKbI khHCQa sc-bwzfXH ihgQcP"
  >
    <div
      className="sc-jTzLTM kUYmvY"
    />
  </div>
</div>
`;
