// Jest Snapshot v1, https://goo.gl/fbAQLP

exports[`Text renders correctly 1`] = `
<div
  className="sc-bdVaJa jKopLr"
>
  <div
    className="sc-htoDjs gDCMNh sc-gzVnrw faVbst"
  >
    Text
  </div>
</div>
`;
