// Jest Snapshot v1, https://goo.gl/fbAQLP

exports[`Txt renders correctly 1`] = `
<div
  className="sc-bdVaJa jKopLr"
>
  <div
    className="sc-htpNat fGEkbD sc-bwzfXH cjMihe"
  >
    Hello world
  </div>
</div>
`;
